Build started 23-11-2025 22:30:52.
     1>Project "C:\Users\SUBIN P\Documents\Visual Studio 2010\Projects\254101058_digit_recognition\project digit recognition\project digit recognition\project digit recognition.vcxproj" on node 2 (build target(s)).
     1>PrepareForBuild:
         Creating directory "C:\Users\SUBIN P\Documents\Visual Studio 2010\Projects\254101058_digit_recognition\project digit recognition\Debug\".
       InitializeBuildStatus:
         Creating "Debug\project digit recognition.unsuccessfulbuild" because "AlwaysCreate" was specified.
       ClCompile:
         All outputs are up-to-date.
         C:\Program Files (x86)\Microsoft Visual Studio 10.0\VC\bin\CL.exe /c /ZI /nologo /W3 /WX- /Od /Oy- /D WIN32 /D _DEBUG /D _CONSOLE /D _UNICODE /D UNICODE /Gm /EHsc /RTC1 /MDd /GS /fp:precise /Zc:wchar_t /Zc:forScope /Yu"StdAfx.h" /Fp"Debug\project digit recognition.pch" /Fo"Debug\\" /Fd"Debug\vc100.pdb" /Gd /TP /analyze- /errorReport:prompt "project digit recognition.cpp"
         project digit recognition.cpp
     1>c:\users\subin p\documents\visual studio 2010\projects\254101058_digit_recognition\project digit recognition\project digit recognition\project digit recognition.cpp(2): warning C4603: '_CRT_SECURE_NO_WARNINGS' : macro is not defined or definition is different after precompiled header use
                 Add macro to precompiled header instead of defining here
                 c:\users\subin p\documents\visual studio 2010\projects\254101058_digit_recognition\project digit recognition\project digit recognition\project digit recognition.cpp(3) : use of precompiled header
     1>c:\users\subin p\documents\visual studio 2010\projects\254101058_digit_recognition\project digit recognition\project digit recognition\project digit recognition.cpp(366): warning C4996: 'fopen': This function or variable may be unsafe. Consider using fopen_s instead. To disable deprecation, use _CRT_SECURE_NO_WARNINGS. See online help for details.
                 c:\program files (x86)\microsoft visual studio 10.0\vc\include\stdio.h(234) : see declaration of 'fopen'
     1>c:\users\subin p\documents\visual studio 2010\projects\254101058_digit_recognition\project digit recognition\project digit recognition\project digit recognition.cpp(397): warning C4996: 'fopen': This function or variable may be unsafe. Consider using fopen_s instead. To disable deprecation, use _CRT_SECURE_NO_WARNINGS. See online help for details.
                 c:\program files (x86)\microsoft visual studio 10.0\vc\include\stdio.h(234) : see declaration of 'fopen'
     1>c:\users\subin p\documents\visual studio 2010\projects\254101058_digit_recognition\project digit recognition\project digit recognition\project digit recognition.cpp(451): warning C4996: 'sprintf': This function or variable may be unsafe. Consider using sprintf_s instead. To disable deprecation, use _CRT_SECURE_NO_WARNINGS. See online help for details.
                 c:\program files (x86)\microsoft visual studio 10.0\vc\include\stdio.h(371) : see declaration of 'sprintf'
     1>c:\users\subin p\documents\visual studio 2010\projects\254101058_digit_recognition\project digit recognition\project digit recognition\project digit recognition.cpp(490): warning C4996: 'sprintf': This function or variable may be unsafe. Consider using sprintf_s instead. To disable deprecation, use _CRT_SECURE_NO_WARNINGS. See online help for details.
                 c:\program files (x86)\microsoft visual studio 10.0\vc\include\stdio.h(371) : see declaration of 'sprintf'
     1>c:\users\subin p\documents\visual studio 2010\projects\254101058_digit_recognition\project digit recognition\project digit recognition\project digit recognition.cpp(503): warning C4996: 'sprintf': This function or variable may be unsafe. Consider using sprintf_s instead. To disable deprecation, use _CRT_SECURE_NO_WARNINGS. See online help for details.
                 c:\program files (x86)\microsoft visual studio 10.0\vc\include\stdio.h(371) : see declaration of 'sprintf'
     1>c:\users\subin p\documents\visual studio 2010\projects\254101058_digit_recognition\project digit recognition\project digit recognition\project digit recognition.cpp(542): warning C4996: 'sprintf': This function or variable may be unsafe. Consider using sprintf_s instead. To disable deprecation, use _CRT_SECURE_NO_WARNINGS. See online help for details.
                 c:\program files (x86)\microsoft visual studio 10.0\vc\include\stdio.h(371) : see declaration of 'sprintf'
     1>c:\users\subin p\documents\visual studio 2010\projects\254101058_digit_recognition\project digit recognition\project digit recognition\project digit recognition.cpp(557): warning C4996: 'sprintf': This function or variable may be unsafe. Consider using sprintf_s instead. To disable deprecation, use _CRT_SECURE_NO_WARNINGS. See online help for details.
                 c:\program files (x86)\microsoft visual studio 10.0\vc\include\stdio.h(371) : see declaration of 'sprintf'
       ManifestResourceCompile:
         All outputs are up-to-date.
       Link:
         C:\Program Files (x86)\Microsoft Visual Studio 10.0\VC\bin\link.exe /ERRORREPORT:PROMPT /OUT:"C:\Users\SUBIN P\Documents\Visual Studio 2010\Projects\254101058_digit_recognition\project digit recognition\Debug\project digit recognition.exe" /INCREMENTAL /NOLOGO kernel32.lib user32.lib gdi32.lib winspool.lib comdlg32.lib advapi32.lib shell32.lib ole32.lib oleaut32.lib uuid.lib odbc32.lib odbccp32.lib /MANIFEST /ManifestFile:"Debug\project digit recognition.exe.intermediate.manifest" /MANIFESTUAC:"level='asInvoker' uiAccess='false'" /DEBUG /PDB:"C:\Users\SUBIN P\Documents\Visual Studio 2010\Projects\254101058_digit_recognition\project digit recognition\Debug\project digit recognition.pdb" /SUBSYSTEM:CONSOLE /TLBID:1 /DYNAMICBASE /NXCOMPAT /IMPLIB:"C:\Users\SUBIN P\Documents\Visual Studio 2010\Projects\254101058_digit_recognition\project digit recognition\Debug\project digit recognition.lib" /MACHINE:X86 "Debug\project digit recognition.exe.embed.manifest.res"
         "Debug\project digit recognition.obj"
         Debug\stdafx.obj
       Manifest:
         C:\Program Files (x86)\Microsoft SDKs\Windows\v7.0A\bin\mt.exe /nologo /verbose /out:"Debug\project digit recognition.exe.embed.manifest" /manifest "Debug\project digit recognition.exe.intermediate.manifest"
         All outputs are up-to-date.
       LinkEmbedManifest:
         All outputs are up-to-date.
         project digit recognition.vcxproj -> C:\Users\SUBIN P\Documents\Visual Studio 2010\Projects\254101058_digit_recognition\project digit recognition\Debug\project digit recognition.exe
       FinalizeBuildStatus:
         Deleting file "Debug\project digit recognition.unsuccessfulbuild".
         Touching "Debug\project digit recognition.lastbuildstate".
     1>Done Building Project "C:\Users\SUBIN P\Documents\Visual Studio 2010\Projects\254101058_digit_recognition\project digit recognition\project digit recognition\project digit recognition.vcxproj" (build target(s)).

Build succeeded.

Time Elapsed 00:00:00.92
